---
source: src/grid/shape.rs
expression: outline
---
[
    Qr {
        x: 0,
        y: -2,
    },
    Qr {
        x: 1,
        y: -2,
    },
    Qr {
        x: 1,
        y: 3,
    },
    Qr {
        x: 0,
        y: 3,
    },
]
