---
source: steks/src/infinity.rs
expression: indices
---
[
    5,
    11,
    14,
    14,
    15,
    11,
    10,
    1,
    17,
    1,
    8,
    14,
    6,
    16,
    15,
    11,
    10,
    5,
    12,
    11,
    4,
    2,
    20,
    3,
    5,
    20,
    8,
    18,
    10,
    17,
    19,
    1,
    7,
    5,
    12,
    12,
    10,
    7,
    8,
    2,
    16,
    14,
    20,
    1,
    10,
    1,
    2,
    18,
    16,
    19,
]
