---
source: steks/src/infinity.rs
expression: indices
---
[
    10,
    20,
    7,
    2,
    7,
    11,
    16,
    12,
    11,
    9,
    6,
    8,
    10,
    10,
    18,
    18,
    19,
    7,
    4,
    3,
    9,
    19,
    5,
    4,
    7,
    10,
    16,
    13,
    2,
    10,
    14,
    19,
    12,
    9,
    7,
    11,
    17,
    19,
    7,
    13,
    15,
    7,
    3,
    6,
    17,
    14,
    15,
    6,
    11,
    19,
]
