---
source: netlify/functions/image/src/main.rs
expression: hash
---
17363914313805390640
