---
source: netlify/functions/image/src/main.rs
expression: hash
---
11328120069208260728
