---
source: netlify/functions/image/src/main.rs
expression: hash
---
7950449458912615966
