---
source: netlify/functions/image/src/main.rs
expression: hash
---
12562716044190393955
