---
source: netlify/functions/image/src/main.rs
expression: hash
---
11305345824635791432
