---
source: netlify/functions/image/src/main.rs
expression: hash
---
15950825813443035496
