---
source: netlify/functions/image/src/main.rs
expression: hash
---
17384367015385202616
