---
source: netlify/functions/image/src/main.rs
expression: hash
---
17903017260809716875
