---
source: netlify/functions/image/src/main.rs
expression: hash
---
2252402543640661237
