---
source: netlify/functions/image/src/main.rs
expression: hash
---
16563689360290511612
