---
source: netlify/functions/image/src/main.rs
expression: hash
---
17825075134971324556
