---
source: src/main.rs
expression: hash
---
15806678873605418288
