---
source: netlify/functions/image/src/main.rs
expression: hash
---
546921645586795737
