---
source: netlify/functions/image/src/main.rs
expression: hash
---
5267076689956753498
