---
source: src/main.rs
expression: hash
---
17216766335305622750
