---
source: netlify/functions/image/src/main.rs
expression: hash
---
901458787208708011
