---
source: netlify/functions/image/src/main.rs
expression: hash
---
3166227329323333744
